2026-05-28 00:00:07 +00:00: Mode         : bulk — OL updates in last 1 hour(s)
2026-05-28 00:00:07 +00:00: Run time     : 2026-05-28 00:00:00 UTC
2026-05-28 00:00:07 +00:00: ============================================================
2026-05-28 00:00:07 +00:00: No OL updates found in the window.
2026-05-28 01:00:07 +00:00: Mode         : bulk — OL updates in last 1 hour(s)
2026-05-28 01:00:07 +00:00: Run time     : 2026-05-28 01:00:00 UTC
2026-05-28 01:00:07 +00:00: ============================================================
2026-05-28 01:00:07 +00:00: No OL updates found in the window.
2026-05-28 02:00:07 +00:00: Mode         : bulk — OL updates in last 1 hour(s)
2026-05-28 02:00:07 +00:00: Run time     : 2026-05-28 02:00:00 UTC
2026-05-28 02:00:07 +00:00: ============================================================
2026-05-28 02:00:07 +00:00: No OL updates found in the window.
2026-05-28 03:00:07 +00:00: Mode         : bulk — OL updates in last 1 hour(s)
2026-05-28 03:00:07 +00:00: Run time     : 2026-05-28 03:00:00 UTC
2026-05-28 03:00:07 +00:00: ============================================================
2026-05-28 03:00:07 +00:00: No OL updates found in the window.
2026-05-28 04:00:08 +00:00: Mode         : bulk — OL updates in last 1 hour(s)
2026-05-28 04:00:08 +00:00: Run time     : 2026-05-28 04:00:00 UTC
2026-05-28 04:00:08 +00:00: ============================================================
2026-05-28 04:00:08 +00:00: OL candidates with recent updates: 21
2026-05-28 04:00:08 +00:00: 
2026-05-28 04:00:08 +00:00:   sunil kumar                     skipped  (not in MRR)
2026-05-28 04:00:08 +00:00: 
2026-05-28 04:00:08 +00:00:   Bhavya  T                       skipped  (not in MRR)
2026-05-28 04:00:08 +00:00: 
2026-05-28 04:00:08 +00:00:   Guttula  TulasiPriya            skipped  (not in MRR)
2026-05-28 04:00:08 +00:00: 
2026-05-28 04:00:08 +00:00:   Harsha Vardhan Kallepally       skipped  (not in MRR)
2026-05-28 04:00:08 +00:00: 
2026-05-28 04:00:08 +00:00:   JATIN KASHINATH SAWANT          skipped  (no submission row)
2026-05-28 04:00:08 +00:00: 
2026-05-28 04:00:08 +00:00:   Jyothi prakash Arya             skipped  (not in MRR)
2026-05-28 04:00:08 +00:00: 
2026-05-28 04:00:08 +00:00:   Krishna Donga                   skipped  (not in MRR)
2026-05-28 04:00:08 +00:00: 
2026-05-28 04:00:08 +00:00:   Mannuru  Sivachandu             skipped  (not in MRR)
2026-05-28 04:00:08 +00:00: 
2026-05-28 04:00:08 +00:00:   MOHAMMED MAJEED  HUSSAIN        skipped  (not in MRR)
2026-05-28 04:00:08 +00:00: 
2026-05-28 04:00:08 +00:00:   Musugu Bhavana                  skipped  (not in MRR)
2026-05-28 04:00:08 +00:00: 
2026-05-28 04:00:08 +00:00:   Naveen Kumar  Moturu            skipped  (not in MRR)
2026-05-28 04:00:08 +00:00: 
2026-05-28 04:00:08 +00:00:   PRAKASH  BHOSLE                 skipped  (not in MRR)
2026-05-28 04:00:08 +00:00: 
2026-05-28 04:00:08 +00:00:   Raghavendra  Aketi              skipped  (not in MRR)
2026-05-28 04:00:08 +00:00: 
2026-05-28 04:00:08 +00:00:   Rama Kanth g                    skipped  (not in MRR)
2026-05-28 04:00:08 +00:00: 
2026-05-28 04:00:08 +00:00:   Rupesh Siva Gupta               skipped  (not in MRR)
2026-05-28 04:00:08 +00:00: 
2026-05-28 04:00:08 +00:00:   Safdar Abdul  Hamid Bepari      skipped  (not in MRR)
2026-05-28 04:00:08 +00:00: 
2026-05-28 04:00:08 +00:00:   SHAFIUDDIN  ABUZAR              skipped  (not in MRR)
2026-05-28 04:00:08 +00:00: 
2026-05-28 04:00:08 +00:00:   shakkari sharath chandra        skipped  (not in MRR)
2026-05-28 04:00:08 +00:00: 
2026-05-28 04:00:08 +00:00:   Swarang Satanand Haldankar      skipped  (not in MRR)
2026-05-28 04:00:08 +00:00: 
2026-05-28 04:00:08 +00:00:   Usthulamuri PenchalaPrasad      skipped  (not in MRR)
2026-05-28 04:00:08 +00:00: 
2026-05-28 04:00:08 +00:00:   YVS Pawan Kumar                 skipped  (not in MRR)
2026-05-28 04:00:08 +00:00: 
2026-05-28 04:00:08 +00:00: ============================================================
2026-05-28 04:00:08 +00:00: Updated      : 0
2026-05-28 04:00:08 +00:00: No change    : 0
2026-05-28 04:00:08 +00:00: Not in MRR   : 20
2026-05-28 04:00:08 +00:00: No submission: 1
2026-05-28 04:00:08 +00:00: 
2026-05-28 04:00:08 +00:00: Done. 2026-05-28 04:00:00 UTC
2026-05-28 05:00:07 +00:00: Mode         : bulk — OL updates in last 1 hour(s)
2026-05-28 05:00:07 +00:00: Run time     : 2026-05-28 05:00:00 UTC
2026-05-28 05:00:07 +00:00: ============================================================
2026-05-28 05:00:07 +00:00: OL candidates with recent updates: 45
2026-05-28 05:00:07 +00:00: 
2026-05-28 05:00:07 +00:00:   shaik mohammed farooq           skipped  (no submission row)
2026-05-28 05:00:07 +00:00: 
2026-05-28 05:00:07 +00:00:   SUBRAT  BEHERA                  skipped  (not in MRR)
2026-05-28 05:00:07 +00:00: 
2026-05-28 05:00:07 +00:00:   Abdul   Subhan                  skipped  (not in MRR)
2026-05-28 05:00:07 +00:00: 
2026-05-28 05:00:07 +00:00:   Abhishek Mishra                 skipped  (no submission row)
2026-05-28 05:00:07 +00:00: 
2026-05-28 05:00:07 +00:00:   Afrid Khan                      skipped  (not in MRR)
2026-05-28 05:00:07 +00:00: 
2026-05-28 05:00:07 +00:00:   Anuvind Pradeep                 skipped  (not in MRR)
2026-05-28 05:00:07 +00:00: 
2026-05-28 05:00:07 +00:00:   Ayesha  Shaik                   skipped  (not in MRR)
2026-05-28 05:00:07 +00:00: 
2026-05-28 05:00:07 +00:00:   Byalla Lalitha                  skipped  (not in MRR)
2026-05-28 05:00:07 +00:00: 
2026-05-28 05:00:07 +00:00:   Chittipaka Mahesh               skipped  (not in MRR)
2026-05-28 05:00:07 +00:00: 
2026-05-28 05:00:07 +00:00:   Dara Srilatha                   skipped  (not in MRR)
2026-05-28 05:00:07 +00:00: 
2026-05-28 05:00:07 +00:00:   Dhruv Kamal Jakharia            skipped  (not in MRR)
2026-05-28 05:00:07 +00:00: 
2026-05-28 05:00:07 +00:00:   Jagga Sandhyaja                 skipped  (not in MRR)
2026-05-28 05:00:07 +00:00: 
2026-05-28 05:00:07 +00:00:   Jyothsna M                      skipped  (not in MRR)
2026-05-28 05:00:07 +00:00: 
2026-05-28 05:00:07 +00:00:   Kumari Nisha                    skipped  (no submission row)
2026-05-28 05:00:07 +00:00: 
2026-05-28 05:00:07 +00:00:   LAULEEN  SANJAY GUPTA           skipped  (not in MRR)
2026-05-28 05:00:07 +00:00: 
2026-05-28 05:00:07 +00:00:   Maheshwar Reddy  K              skipped  (not in MRR)
2026-05-28 05:00:07 +00:00: 
2026-05-28 05:00:07 +00:00:   Manogna                         skipped  (not in MRR)
2026-05-28 05:00:07 +00:00: 
2026-05-28 05:00:07 +00:00:   Mohammed Imran  Aziz            skipped  (not in MRR)
2026-05-28 05:00:07 +00:00: 
2026-05-28 05:00:07 +00:00:   Mourya S                        skipped  (not in MRR)
2026-05-28 05:00:07 +00:00: 
2026-05-28 05:00:07 +00:00:   Nashra Naz Qureshi              skipped  (not in MRR)
2026-05-28 05:00:07 +00:00: 
2026-05-28 05:00:07 +00:00:   Naveen Varma Nagidi             skipped  (not in MRR)
2026-05-28 05:00:07 +00:00: 
2026-05-28 05:00:07 +00:00:   NITESH  DUBEY                   skipped  (not in MRR)
2026-05-28 05:00:07 +00:00: 
2026-05-28 05:00:07 +00:00:   pandiral Tarun kumar            skipped  (not in MRR)
2026-05-28 05:00:07 +00:00: 
2026-05-28 05:00:07 +00:00:   pandiral Tarun kumar            skipped  (not in MRR)
2026-05-28 05:00:07 +00:00: 
2026-05-28 05:00:07 +00:00:   PARTHIPAN G                     skipped  (no submission row)
2026-05-28 05:00:07 +00:00: 
2026-05-28 05:00:07 +00:00:   PARVATHI  N C                   skipped  (not in MRR)
2026-05-28 05:00:07 +00:00: 
2026-05-28 05:00:07 +00:00:   PERUMAL SRINIVAS                skipped  (no submission row)
2026-05-28 05:00:07 +00:00: 
2026-05-28 05:00:07 +00:00:   Potnuru Jagadish Venkata Sai    skipped  (not in MRR)
2026-05-28 05:00:07 +00:00: 
2026-05-28 05:00:07 +00:00:   PRADEEP  VADDIGADDA             skipped  (not in MRR)
2026-05-28 05:00:07 +00:00: 
2026-05-28 05:00:07 +00:00:   Priyanka D S                    skipped  (not in MRR)
2026-05-28 05:00:07 +00:00: 
2026-05-28 05:00:07 +00:00:   Rabia  Hasan                    skipped  (not in MRR)
2026-05-28 05:00:07 +00:00: 
2026-05-28 05:00:07 +00:00:   Radha Madhavi Kotha             skipped  (not in MRR)
2026-05-28 05:00:07 +00:00: 
2026-05-28 05:00:07 +00:00:   SAI MANOGNA                     skipped  (not in MRR)
2026-05-28 05:00:07 +00:00: 
2026-05-28 05:00:07 +00:00:   Santhosh Kumar                  skipped  (not in MRR)
2026-05-28 05:00:07 +00:00: 
2026-05-28 05:00:07 +00:00:   Shaik Rasheeda                  skipped  (not in MRR)
2026-05-28 05:00:07 +00:00: 
2026-05-28 05:00:07 +00:00:   Sharique Rahman                 skipped  (not in MRR)
2026-05-28 05:00:07 +00:00: 
2026-05-28 05:00:07 +00:00:   Shivakumar Mallepally           skipped  (not in MRR)
2026-05-28 05:00:07 +00:00: 
2026-05-28 05:00:07 +00:00:   Soni  Das Christudas Sheela     skipped  (not in MRR)
2026-05-28 05:00:07 +00:00: 
2026-05-28 05:00:07 +00:00:   Srikanth V                      skipped  (not in MRR)
2026-05-28 05:00:07 +00:00: 
2026-05-28 05:00:07 +00:00:   sudharshan raj                  skipped  (not in MRR)
2026-05-28 05:00:07 +00:00: 
2026-05-28 05:00:07 +00:00:   TADIBOINA  PAVANI               skipped  (not in MRR)
2026-05-28 05:00:07 +00:00: 
2026-05-28 05:00:07 +00:00:   Thirupathi  Thotla              skipped  (not in MRR)
2026-05-28 05:00:07 +00:00: 
2026-05-28 05:00:07 +00:00:   Vamsi Krishna peravali          skipped  (not in MRR)
2026-05-28 05:00:07 +00:00: 
2026-05-28 05:00:07 +00:00:   Venkat Rajavardhan Mothkuri     skipped  (not in MRR)
2026-05-28 05:00:07 +00:00: 
2026-05-28 05:00:07 +00:00:   YASWANTH P                      skipped  (not in MRR)
2026-05-28 05:00:07 +00:00: 
2026-05-28 05:00:07 +00:00: ============================================================
2026-05-28 05:00:07 +00:00: Updated      : 0
2026-05-28 05:00:07 +00:00: No change    : 0
2026-05-28 05:00:07 +00:00: Not in MRR   : 40
2026-05-28 05:00:07 +00:00: No submission: 5
2026-05-28 05:00:07 +00:00: 
2026-05-28 05:00:07 +00:00: Done. 2026-05-28 05:00:00 UTC
2026-05-28 06:00:08 +00:00: Mode         : bulk — OL updates in last 1 hour(s)
2026-05-28 06:00:08 +00:00: Run time     : 2026-05-28 06:00:00 UTC
2026-05-28 06:00:08 +00:00: ============================================================
2026-05-28 06:00:08 +00:00: OL candidates with recent updates: 63
2026-05-28 06:00:08 +00:00: 
2026-05-28 06:00:08 +00:00:   Gangaprasad manthena            skipped  (not in MRR)
2026-05-28 06:00:08 +00:00: 
2026-05-28 06:00:08 +00:00:   INAYATH Innu  Innu              skipped  (not in MRR)
2026-05-28 06:00:08 +00:00: 
2026-05-28 06:00:08 +00:00:   Kanchanx  Kanchan Singh         skipped  (not in MRR)
2026-05-28 06:00:08 +00:00: 
2026-05-28 06:00:08 +00:00:   Kandula  Pradeep                skipped  (not in MRR)
2026-05-28 06:00:08 +00:00: 
2026-05-28 06:00:08 +00:00:   Nishath Anjum  D                skipped  (not in MRR)
2026-05-28 06:00:08 +00:00: 
2026-05-28 06:00:08 +00:00:   Rajasekhar C C                  skipped  (not in MRR)
2026-05-28 06:00:08 +00:00: 
2026-05-28 06:00:08 +00:00:   RAJESHA K S KS                  skipped  (not in MRR)
2026-05-28 06:00:08 +00:00: 
2026-05-28 06:00:08 +00:00:   Ramesh Reddy G                  skipped  (not in MRR)
2026-05-28 06:00:08 +00:00: 
2026-05-28 06:00:08 +00:00:   SAI PALLAVI                     skipped  (not in MRR)
2026-05-28 06:00:08 +00:00: 
2026-05-28 06:00:08 +00:00:   shaik mohammed farooq           skipped  (no submission row)
2026-05-28 06:00:08 +00:00: 
2026-05-28 06:00:08 +00:00:   Tarunkumar Soma                 skipped  (not in MRR)
2026-05-28 06:00:08 +00:00: 
2026-05-28 06:00:08 +00:00:   Aastha Krishali                 skipped  (not in MRR)
2026-05-28 06:00:08 +00:00: 
2026-05-28 06:00:08 +00:00:   Abhishek Mishra                 skipped  (no submission row)
2026-05-28 06:00:08 +00:00: 
2026-05-28 06:00:08 +00:00:   Aishwarya  Vasudev              skipped  (not in MRR)
2026-05-28 06:00:08 +00:00: 
2026-05-28 06:00:08 +00:00:   Aniket Subhash Bansode          skipped  (not in MRR)
2026-05-28 06:00:08 +00:00: 
2026-05-28 06:00:08 +00:00:   Ashwitha Billa                  skipped  (not in MRR)
2026-05-28 06:00:08 +00:00: 
2026-05-28 06:00:08 +00:00:   Ayeesha Afra                    skipped  (not in MRR)
2026-05-28 06:00:08 +00:00: 
2026-05-28 06:00:08 +00:00:   Ayesha  Siddiqa                 skipped  (not in MRR)
2026-05-28 06:00:08 +00:00: 
2026-05-28 06:00:08 +00:00:   B.D.N.S CHAITANYA               skipped  (not in MRR)
2026-05-28 06:00:08 +00:00: 
2026-05-28 06:00:08 +00:00:   Bala Venkatrao g                skipped  (not in MRR)
2026-05-28 06:00:08 +00:00: 
2026-05-28 06:00:08 +00:00:   Basheer	 Ahmed                  skipped  (not in MRR)
2026-05-28 06:00:08 +00:00: 
2026-05-28 06:00:08 +00:00:   Devashree Santosh Ukirde        skipped  (not in MRR)
2026-05-28 06:00:08 +00:00: 
2026-05-28 06:00:08 +00:00:   FawaZ  VM                       skipped  (not in MRR)
2026-05-28 06:00:08 +00:00: 
2026-05-28 06:00:08 +00:00:   Gagan Bajanthri                 skipped  (not in MRR)
2026-05-28 06:00:08 +00:00: 
2026-05-28 06:00:08 +00:00:   ganna sushma                    skipped  (not in MRR)
2026-05-28 06:00:08 +00:00: 
2026-05-28 06:00:08 +00:00:   Imran Pasha                     skipped  (not in MRR)
2026-05-28 06:00:08 +00:00: 
2026-05-28 06:00:08 +00:00:   j sri Rajarajeswari             skipped  (not in MRR)
2026-05-28 06:00:08 +00:00: 
2026-05-28 06:00:08 +00:00:   Kondoju  Shailaja               skipped  (not in MRR)
2026-05-28 06:00:08 +00:00: 
2026-05-28 06:00:08 +00:00:   Krishna Sai Valleti  Valleti    skipped  (not in MRR)
2026-05-28 06:00:08 +00:00: 
2026-05-28 06:00:08 +00:00:   LAULEEN  SANJAY GUPTA           skipped  (not in MRR)
2026-05-28 06:00:08 +00:00: 
2026-05-28 06:00:08 +00:00:   Mahesh  J                       skipped  (not in MRR)
2026-05-28 06:00:08 +00:00: 
2026-05-28 06:00:08 +00:00:   Manikandan Konar                skipped  (not in MRR)
2026-05-28 06:00:08 +00:00: 
2026-05-28 06:00:08 +00:00:   Mohammed Arbaz                  skipped  (not in MRR)
2026-05-28 06:00:08 +00:00: 
2026-05-28 06:00:08 +00:00:   Mohammed Imran  Aziz            skipped  (not in MRR)
2026-05-28 06:00:08 +00:00: 
2026-05-28 06:00:08 +00:00:   Mohammed Suhail Pasha           skipped  (not in MRR)
2026-05-28 06:00:08 +00:00: 
2026-05-28 06:00:08 +00:00:   Monica Priya Dsouza             skipped  (not in MRR)
2026-05-28 06:00:08 +00:00: 
2026-05-28 06:00:08 +00:00:   Mulagiri Sravani                skipped  (not in MRR)
2026-05-28 06:00:08 +00:00: 
2026-05-28 06:00:08 +00:00:   Nandini  MahaGowli              skipped  (not in MRR)
2026-05-28 06:00:08 +00:00: 
2026-05-28 06:00:08 +00:00:   Nikshith Shoba                  skipped  (not in MRR)
2026-05-28 06:00:08 +00:00: 
2026-05-28 06:00:08 +00:00:   Nirjala Sharma                  skipped  (not in MRR)
2026-05-28 06:00:08 +00:00: 
2026-05-28 06:00:08 +00:00:   Omkar Shikhare                  skipped  (not in MRR)
2026-05-28 06:00:08 +00:00: 
2026-05-28 06:00:08 +00:00:   PARIKSHIT VIJAY  KOLHE          skipped  (not in MRR)
2026-05-28 06:00:08 +00:00: 
2026-05-28 06:00:08 +00:00:   Pavithra Kunigiri               skipped  (not in MRR)
2026-05-28 06:00:08 +00:00: 
2026-05-28 06:00:08 +00:00:   Prabhuvani Polapalli            skipped  (not in MRR)
2026-05-28 06:00:08 +00:00: 
2026-05-28 06:00:08 +00:00:   Prajwal I                       skipped  (not in MRR)
2026-05-28 06:00:08 +00:00: 
2026-05-28 06:00:08 +00:00:   Praveen R                       skipped  (not in MRR)
2026-05-28 06:00:08 +00:00: 
2026-05-28 06:00:08 +00:00:   RAJANI BHINGARE                 skipped  (not in MRR)
2026-05-28 06:00:08 +00:00: 
2026-05-28 06:00:08 +00:00:   Rajini                          skipped  (no submission row)
2026-05-28 06:00:08 +00:00: 
2026-05-28 06:00:08 +00:00:   Ramchander  Rampelly            skipped  (not in MRR)
2026-05-28 06:00:08 +00:00: 
2026-05-28 06:00:08 +00:00:   RONIT MATHURA BAITAL            skipped  (not in MRR)
2026-05-28 06:00:08 +00:00: 
2026-05-28 06:00:08 +00:00:   SAI MANOGNA                     skipped  (not in MRR)
2026-05-28 06:00:08 +00:00: 
2026-05-28 06:00:08 +00:00:   samuel s                        skipped  (not in MRR)
2026-05-28 06:00:08 +00:00: 
2026-05-28 06:00:08 +00:00:   Sharique Rahman                 skipped  (not in MRR)
2026-05-28 06:00:08 +00:00: 
2026-05-28 06:00:08 +00:00:   Shreya  Rupesh singh            skipped  (not in MRR)
2026-05-28 06:00:08 +00:00: 
2026-05-28 06:00:08 +00:00:   Shreyas  B C                    skipped  (not in MRR)
2026-05-28 06:00:08 +00:00: 
2026-05-28 06:00:08 +00:00:   Shruti Gulab  Kesharwani        skipped  (not in MRR)
2026-05-28 06:00:08 +00:00: 
2026-05-28 06:00:08 +00:00:   Siva Moillakaluva   Moillakaluva  skipped  (not in MRR)
2026-05-28 06:00:08 +00:00: 
2026-05-28 06:00:08 +00:00:   Srinivas Kandukuri              skipped  (not in MRR)
2026-05-28 06:00:08 +00:00: 
2026-05-28 06:00:08 +00:00:   Syed Sameer  		 Ulla            skipped  (not in MRR)
2026-05-28 06:00:08 +00:00: 
2026-05-28 06:00:08 +00:00:   Thotapalli  Satheesh            skipped  (not in MRR)
2026-05-28 06:00:08 +00:00: 
2026-05-28 06:00:08 +00:00:   VISHAL SINGH  THAKUR            skipped  (not in MRR)
2026-05-28 06:00:08 +00:00: 
2026-05-28 06:00:08 +00:00:   yashwanthkumar koribilli        skipped  (not in MRR)
2026-05-28 06:00:08 +00:00: 
2026-05-28 06:00:08 +00:00:   YASWANTH P                      skipped  (not in MRR)
2026-05-28 06:00:08 +00:00: 
2026-05-28 06:00:08 +00:00: ============================================================
2026-05-28 06:00:08 +00:00: Updated      : 0
2026-05-28 06:00:08 +00:00: No change    : 0
2026-05-28 06:00:08 +00:00: Not in MRR   : 60
2026-05-28 06:00:08 +00:00: No submission: 3
2026-05-28 06:00:08 +00:00: 
2026-05-28 06:00:08 +00:00: Done. 2026-05-28 06:00:00 UTC
2026-05-28 07:00:08 +00:00: Mode         : bulk — OL updates in last 1 hour(s)
2026-05-28 07:00:08 +00:00: Run time     : 2026-05-28 07:00:00 UTC
2026-05-28 07:00:08 +00:00: ============================================================
2026-05-28 07:00:08 +00:00: OL candidates with recent updates: 92
2026-05-28 07:00:08 +00:00: 
2026-05-28 07:00:08 +00:00:   A.Praveen Kumar                 skipped  (not in MRR)
2026-05-28 07:00:08 +00:00: 
2026-05-28 07:00:08 +00:00:   Chandana                        skipped  (not in MRR)
2026-05-28 07:00:08 +00:00: 
2026-05-28 07:00:08 +00:00:   Mukesh Kumar Marshetty          skipped  (not in MRR)
2026-05-28 07:00:08 +00:00: 
2026-05-28 07:00:08 +00:00:   nelluri  Rajeswari              skipped  (not in MRR)
2026-05-28 07:00:08 +00:00: 
2026-05-28 07:00:08 +00:00:   Pavan Kumar  T                  skipped  (not in MRR)
2026-05-28 07:00:08 +00:00: 
2026-05-28 07:00:08 +00:00:   RAJESHA K S KS                  skipped  (not in MRR)
2026-05-28 07:00:08 +00:00: 
2026-05-28 07:00:08 +00:00:   Syed Dawood  Ahmed              skipped  (not in MRR)
2026-05-28 07:00:08 +00:00: 
2026-05-28 07:00:08 +00:00:   Aishwarya  Vasudev              skipped  (not in MRR)
2026-05-28 07:00:08 +00:00: 
2026-05-28 07:00:08 +00:00:   Akshaya Kanugula                skipped  (not in MRR)
2026-05-28 07:00:08 +00:00: 
2026-05-28 07:00:08 +00:00:   Amaldass  Govindan              skipped  (not in MRR)
2026-05-28 07:00:08 +00:00: 
2026-05-28 07:00:08 +00:00:   Amiya Pramanik                  skipped  (not in MRR)
2026-05-28 07:00:08 +00:00: 
2026-05-28 07:00:08 +00:00:   Aniket Laxmanrao  Jadhav        skipped  (not in MRR)
2026-05-28 07:00:08 +00:00: 
2026-05-28 07:00:08 +00:00:   Aparna  Shukla                  skipped  (not in MRR)
2026-05-28 07:00:08 +00:00: 
2026-05-28 07:00:08 +00:00:   Arul K                          skipped  (not in MRR)
2026-05-28 07:00:08 +00:00: 
2026-05-28 07:00:08 +00:00:   Arulshaun  Julius Dsouza        skipped  (not in MRR)
2026-05-28 07:00:08 +00:00: 
2026-05-28 07:00:08 +00:00:   Ashutosh  Sandeep Mishra        skipped  (not in MRR)
2026-05-28 07:00:08 +00:00: 
2026-05-28 07:00:08 +00:00:   B VINOD  KUMAR                  skipped  (not in MRR)
2026-05-28 07:00:08 +00:00: 
2026-05-28 07:00:08 +00:00:   Besin  Biju                     skipped  (not in MRR)
2026-05-28 07:00:08 +00:00: 
2026-05-28 07:00:08 +00:00:   bhaskar n                       skipped  (not in MRR)
2026-05-28 07:00:08 +00:00: 
2026-05-28 07:00:08 +00:00:   CHINTHAGUNTI  KANTHAMANI        skipped  (not in MRR)
2026-05-28 07:00:08 +00:00: 
2026-05-28 07:00:08 +00:00:   Chitikireddi  Ajay Babu         skipped  (not in MRR)
2026-05-28 07:00:08 +00:00: 
2026-05-28 07:00:08 +00:00:   Dasari Archana Archana          skipped  (not in MRR)
2026-05-28 07:00:08 +00:00: 
2026-05-28 07:00:08 +00:00:   Devraj Sanjay Naik              skipped  (not in MRR)
2026-05-28 07:00:08 +00:00: 
2026-05-28 07:00:08 +00:00:   Disha Vishnu Nai                skipped  (not in MRR)
2026-05-28 07:00:08 +00:00: 
2026-05-28 07:00:08 +00:00:   Divya  Shree                    skipped  (not in MRR)
2026-05-28 07:00:08 +00:00: 
2026-05-28 07:00:08 +00:00:   E Syam Sundera  Prasad          skipped  (no submission row)
2026-05-28 07:00:08 +00:00: 
2026-05-28 07:00:08 +00:00:   FawaZ  VM                       skipped  (not in MRR)
2026-05-28 07:00:08 +00:00: 
2026-05-28 07:00:08 +00:00:   Girish  TM                      skipped  (not in MRR)
2026-05-28 07:00:08 +00:00: 
2026-05-28 07:00:08 +00:00:   Gopal                           skipped  (not in MRR)
2026-05-28 07:00:08 +00:00: 
2026-05-28 07:00:08 +00:00:   Guggilla  Sunil Kumar           skipped  (not in MRR)
2026-05-28 07:00:08 +00:00: 
2026-05-28 07:00:08 +00:00:   Gundala  Keerthipriya           skipped  (not in MRR)
2026-05-28 07:00:08 +00:00: 
2026-05-28 07:00:08 +00:00:   Heera Singh Marco               skipped  (not in MRR)
2026-05-28 07:00:08 +00:00: 
2026-05-28 07:00:08 +00:00:   Jagadeeswaran B                 skipped  (not in MRR)
2026-05-28 07:00:08 +00:00: 
2026-05-28 07:00:08 +00:00:   Jagdish Maruti  Thorat          skipped  (not in MRR)
2026-05-28 07:00:08 +00:00: 
2026-05-28 07:00:08 +00:00:   Jayaganesh Jayamani             skipped  (not in MRR)
2026-05-28 07:00:08 +00:00: 
2026-05-28 07:00:08 +00:00:   Jenefa  Jenefa Vincent          skipped  (not in MRR)
2026-05-28 07:00:08 +00:00: 
2026-05-28 07:00:08 +00:00:   JOY PRAKASH  BHAGAT             skipped  (not in MRR)
2026-05-28 07:00:08 +00:00: 
2026-05-28 07:00:08 +00:00:   Kadere Devyani Ramdas           skipped  (not in MRR)
2026-05-28 07:00:08 +00:00: 
2026-05-28 07:00:08 +00:00:   Karthik  K                      skipped  (not in MRR)
2026-05-28 07:00:08 +00:00: 
2026-05-28 07:00:08 +00:00:   Kiran Borase                    skipped  (not in MRR)
2026-05-28 07:00:08 +00:00: 
2026-05-28 07:00:08 +00:00:   Kiran Kumar                     skipped  (not in MRR)
2026-05-28 07:00:08 +00:00: 
2026-05-28 07:00:08 +00:00:   Krishna Sai Valleti  Valleti    skipped  (not in MRR)
2026-05-28 07:00:08 +00:00: 
2026-05-28 07:00:08 +00:00:   Lucky Ramesh Sutar              skipped  (not in MRR)
2026-05-28 07:00:08 +00:00: 
2026-05-28 07:00:08 +00:00:   M Naveen  Sai                   skipped  (no submission row)
2026-05-28 07:00:08 +00:00: 
2026-05-28 07:00:08 +00:00:   Madhukar  Naidu                 skipped  (not in MRR)
2026-05-28 07:00:08 +00:00: 
2026-05-28 07:00:08 +00:00:   Mallikarjuna R                  skipped  (not in MRR)
2026-05-28 07:00:08 +00:00: 
2026-05-28 07:00:08 +00:00:   Manikandan  E                   skipped  (not in MRR)
2026-05-28 07:00:08 +00:00: 
2026-05-28 07:00:08 +00:00:   Manikandan Konar                skipped  (not in MRR)
2026-05-28 07:00:08 +00:00: 
2026-05-28 07:00:08 +00:00:   Mohammed  Aqueeb                skipped  (not in MRR)
2026-05-28 07:00:08 +00:00: 
2026-05-28 07:00:08 +00:00:   Mohammed Suhail                 skipped  (not in MRR)
2026-05-28 07:00:08 +00:00: 
2026-05-28 07:00:08 +00:00:   Moses R                         skipped  (not in MRR)
2026-05-28 07:00:08 +00:00: 
2026-05-28 07:00:08 +00:00:   MOUNA GAYATHRI  KOMMURI         skipped  (not in MRR)
2026-05-28 07:00:08 +00:00: 
2026-05-28 07:00:08 +00:00:   Murugeshwari Angappan           skipped  (not in MRR)
2026-05-28 07:00:08 +00:00: 
2026-05-28 07:00:08 +00:00:   Muthupandi A                    skipped  (not in MRR)
2026-05-28 07:00:08 +00:00: 
2026-05-28 07:00:08 +00:00:   Naina  Bhat                     skipped  (not in MRR)
2026-05-28 07:00:08 +00:00: 
2026-05-28 07:00:08 +00:00:   Narasimha  Reddy                skipped  (not in MRR)
2026-05-28 07:00:08 +00:00: 
2026-05-28 07:00:08 +00:00:   Naresh Chaudhary                skipped  (not in MRR)
2026-05-28 07:00:08 +00:00: 
2026-05-28 07:00:08 +00:00:   Nehal  Satish Daftary           skipped  (not in MRR)
2026-05-28 07:00:08 +00:00: 
2026-05-28 07:00:08 +00:00:   Nikshith Shoba                  skipped  (not in MRR)
2026-05-28 07:00:08 +00:00: 
2026-05-28 07:00:08 +00:00:   Pallavi Shivaji Girnare         skipped  (not in MRR)
2026-05-28 07:00:08 +00:00: 
2026-05-28 07:00:08 +00:00:   PARVATHI  N C                   skipped  (not in MRR)
2026-05-28 07:00:08 +00:00: 
2026-05-28 07:00:08 +00:00:   Pathipati karthik               skipped  (not in MRR)
2026-05-28 07:00:08 +00:00: 
2026-05-28 07:00:08 +00:00:   PAVANKUMAR  H J                 skipped  (not in MRR)
2026-05-28 07:00:08 +00:00: 
2026-05-28 07:00:08 +00:00:   Piyush Bhagwan Naik             skipped  (not in MRR)
2026-05-28 07:00:08 +00:00: 
2026-05-28 07:00:08 +00:00:   POOJA   K S                     skipped  (not in MRR)
2026-05-28 07:00:08 +00:00: 
2026-05-28 07:00:08 +00:00:   Prathima C N                    skipped  (no submission row)
2026-05-28 07:00:08 +00:00: 
2026-05-28 07:00:08 +00:00:   pratik nirala                   skipped  (not in MRR)
2026-05-28 07:00:08 +00:00: 
2026-05-28 07:00:08 +00:00:   Praveen kumar                   skipped  (not in MRR)
2026-05-28 07:00:08 +00:00: 
2026-05-28 07:00:08 +00:00:   Rakesh  ks                      skipped  (not in MRR)
2026-05-28 07:00:08 +00:00: 
2026-05-28 07:00:08 +00:00:   Rakesh Kumbhar                  skipped  (not in MRR)
2026-05-28 07:00:08 +00:00: 
2026-05-28 07:00:08 +00:00:   Ramchander  Rampelly            skipped  (not in MRR)
2026-05-28 07:00:08 +00:00: 
2026-05-28 07:00:08 +00:00:   Rizwan Sheik                    skipped  (not in MRR)
2026-05-28 07:00:08 +00:00: 
2026-05-28 07:00:08 +00:00:   Rohit Kumar Bisoi               skipped  (not in MRR)
2026-05-28 07:00:08 +00:00: 
2026-05-28 07:00:08 +00:00:   Rose Mary Devakumar             skipped  (not in MRR)
2026-05-28 07:00:08 +00:00: 
2026-05-28 07:00:08 +00:00:   Rushitha  Raavi                 skipped  (not in MRR)
2026-05-28 07:00:08 +00:00: 
2026-05-28 07:00:08 +00:00:   Sachindra V                     skipped  (no submission row)
2026-05-28 07:00:08 +00:00: 
2026-05-28 07:00:08 +00:00:   Saddam Siddique                 skipped  (not in MRR)
2026-05-28 07:00:08 +00:00: 
2026-05-28 07:00:08 +00:00:   Samruddhi Mahadeo Tapase        skipped  (not in MRR)
2026-05-28 07:00:08 +00:00: 
2026-05-28 07:00:08 +00:00:   saniya  sandeep kolambeka       skipped  (not in MRR)
2026-05-28 07:00:08 +00:00: 
2026-05-28 07:00:08 +00:00:   sasidhar                        skipped  (not in MRR)
2026-05-28 07:00:08 +00:00: 
2026-05-28 07:00:08 +00:00:   Sathane   Pravalika             skipped  (not in MRR)
2026-05-28 07:00:08 +00:00: 
2026-05-28 07:00:08 +00:00:   Shreekanth S B                  skipped  (not in MRR)
2026-05-28 07:00:08 +00:00: 
2026-05-28 07:00:08 +00:00:   Singu 	 Sai Ganesh              skipped  (not in MRR)
2026-05-28 07:00:08 +00:00: 
2026-05-28 07:00:08 +00:00:   siva prakash                    skipped  (not in MRR)
2026-05-28 07:00:08 +00:00: 
2026-05-28 07:00:08 +00:00:   Siva Moillakaluva   Moillakaluva  skipped  (not in MRR)
2026-05-28 07:00:08 +00:00: 
2026-05-28 07:00:08 +00:00:   Srikanth  MY                    skipped  (not in MRR)
2026-05-28 07:00:08 +00:00: 
2026-05-28 07:00:08 +00:00:   Subrat Kumar Mandal Mandal      skipped  (not in MRR)
2026-05-28 07:00:08 +00:00: 
2026-05-28 07:00:08 +00:00:   Suhas Reddy K  V                skipped  (not in MRR)
2026-05-28 07:00:08 +00:00: 
2026-05-28 07:00:08 +00:00:   Swagatika  Behera               skipped  (no submission row)
2026-05-28 07:00:08 +00:00: 
2026-05-28 07:00:08 +00:00:   Swetha  Srinivasan              skipped  (no submission row)
2026-05-28 07:00:08 +00:00: 
2026-05-28 07:00:08 +00:00:   Tapasya Samant                  skipped  (not in MRR)
2026-05-28 07:00:08 +00:00: 
2026-05-28 07:00:08 +00:00:   Yogesh Nagnath Chatnale  Chatnale  skipped  (not in MRR)
2026-05-28 07:00:08 +00:00: 
2026-05-28 07:00:08 +00:00: ============================================================
2026-05-28 07:00:08 +00:00: Updated      : 0
2026-05-28 07:00:08 +00:00: No change    : 0
2026-05-28 07:00:08 +00:00: Not in MRR   : 86
2026-05-28 07:00:08 +00:00: No submission: 6
2026-05-28 07:00:08 +00:00: 
2026-05-28 07:00:08 +00:00: Done. 2026-05-28 07:00:00 UTC
